**********************
Windows PowerShell transcript start
Start time: 20250203111347
Username: INCOFORGETECH\Sunil.Siddharth
RunAs User: INCOFORGETECH\Sunil.Siddharth
Configuration Name: 
Machine: LP-TZD-0X107094 (Microsoft Windows NT 10.0.19045.0)
Host Application: C:\Windows\System32\WindowsPowerShell\v1.0\powershell.exe
Process ID: 17968
PSVersion: 5.1.19041.5247
PSEdition: Desktop
PSCompatibleVersions: 1.0, 2.0, 3.0, 4.0, 5.0, 5.1.19041.5247
BuildVersion: 10.0.19041.5247
CLRVersion: 4.0.30319.42000
WSManStackVersion: 3.0
PSRemotingProtocolVersion: 2.3
SerializationVersion: 1.1.0.1
**********************
Transcript started, output file is Sunil_log.txt
PS C:\Users\Sunil.Siddharth\PlayWrightPractise> dir


    Directory: C:\Users\Sunil.Siddharth\PlayWrightPractise


Mode                 LastWriteTime         Length Name
----                 -------------         ------ ----
-a----        03-02-2025     11:13              0 Sunil_log.txt


PS C:\Users\Sunil.Siddharth\PlayWrightPractise> git --version
git version 2.40.0.windows.1
PS C:\Users\Sunil.Siddharth\PlayWrightPractise> git clone https://github.com/sureshnanjan/coforge-playwright-0225.git
Cloning into 'coforge-playwright-0225'...
remote: Enumerating objects: 7, done.
remote: Counting objects: 100% (7/7), done.
remote: Compressing objects: 100% (7/7), done.
remote: Total 7 (delta 1), reused 3 (delta 0), pack-reused 0 (from 0)
Receiving objects: 100% (7/7), done.
Resolving deltas: 100% (1/1), done.
PS C:\Users\Sunil.Siddharth\PlayWrightPractise> Set-Location .\coforge-playwright-0225\
PS C:\Users\Sunil.Siddharth\PlayWrightPractise\coforge-playwright-0225> git status
On branch main
Your branch is up to date with 'origin/main'.

nothing to commit, working tree clean
PS C:\Users\Sunil.Siddharth\PlayWrightPractise\coforge-playwright-0225> git checkout -b Sunil_Playwright_Work-branch
Switched to a new branch 'Sunil_Playwright_Work-branch'
PS C:\Users\Sunil.Siddharth\PlayWrightPractise\coforge-playwright-0225> git status
On branch Sunil_Playwright_Work-branch
nothing to commit, working tree clean
PS C:\Users\Sunil.Siddharth\PlayWrightPractise\coforge-playwright-0225> 7.1.1.Stop-Transcript 
At line:1 char:5
+ 7.1.1.Stop-Transcript
+     ~
Missing property name after reference operator.
At line:1 char:5
+ 7.1.1.Stop-Transcript
+     ~
Missing property name after reference operator.
    + CategoryInfo          : ParserError: (:) [], ParentContainsErrorRecordException
    + FullyQualifiedErrorId : MissingPropertyName

PS C:\Users\Sunil.Siddharth\PlayWrightPractise\coforge-playwright-0225> Stop-Transcript 
**********************
Windows PowerShell transcript end
End time: 20250203114405
**********************
