**********************
Windows PowerShell transcript start
Start time: 20250203105433
Username: INCOFORGETECH\Tirupathi.Godari
RunAs User: INCOFORGETECH\Tirupathi.Godari
Configuration Name: 
Machine: LP-HYD-0X128018 (Microsoft Windows NT 10.0.22631.0)
Host Application: C:\Windows\System32\WindowsPowerShell\v1.0\powershell.exe
Process ID: 3312
PSVersion: 5.1.22621.4391
PSEdition: Desktop
PSCompatibleVersions: 1.0, 2.0, 3.0, 4.0, 5.0, 5.1.22621.4391
BuildVersion: 10.0.22621.4391
CLRVersion: 4.0.30319.42000
WSManStackVersion: 3.0
PSRemotingProtocolVersion: 2.3
SerializationVersion: 1.1.0.1
**********************
Transcript started, output file is tirupathi.txt
PS C:\Users\Tirupathi.Godari> New-Item -Path <path/to/workingfolder> -Name ‘QA-Training’ -ItemType Directory
At line:1 char:16
+ New-Item -Path <path/to/workingfolder> -Name ‘QA-Training’ -ItemType  ...
+                ~
The '<' operator is reserved for future use.
At line:1 char:16
+ New-Item -Path <path/to/workingfolder> -Name ‘QA-Training’ -ItemType  ...
+                ~
The '<' operator is reserved for future use.
    + CategoryInfo          : ParserError: (:) [], ParentContainsErrorRecordException
    + FullyQualifiedErrorId : RedirectionNotSupported

PS C:\Users\Tirupathi.Godari> New-Item -Path Tirupathi -Name ‘QA-Training’ -ItemType Directory


    Directory: C:\Users\Tirupathi.Godari\Tirupathi


Mode                 LastWriteTime         Length Name
----                 -------------         ------ ----
d-----        03-02-2025     10:59                QA-Training


PS C:\Users\Tirupathi.Godari> Set-Location Tirupathi\QA-Training
PS C:\Users\Tirupathi.Godari\Tirupathi\QA-Training> git --version
git : The term 'git' is not recognized as the name of a cmdlet, function, script file, or operable program. Check the 
spelling of the name, or if a path was included, verify that the path is correct and try again.
At line:1 char:1
+ git --version
+ ~~~
    + CategoryInfo          : ObjectNotFound: (git:String) [], CommandNotFoundException
    + FullyQualifiedErrorId : CommandNotFoundException
git : The term 'git' is not recognized as the name of a cmdlet, function, script file, or operable program. Check the spelling of
the name, or if a path was included, verify that the path is correct and try again.
At line:1 char:1
+ git --version
+ ~~~
    + CategoryInfo          : ObjectNotFound: (git:String) [], CommandNotFoundException
    + FullyQualifiedErrorId : CommandNotFoundException

PS C:\Users\Tirupathi.Godari\Tirupathi\QA-Training> Invoke-WebRequest -Uri https://github.com/git-for-windows/git/releases/download/v2.44.0.windows.1/Git-2.44.0-64-bit.exe -OutFile git-installer.exe
PS C:\Users\Tirupathi.Godari\Tirupathi\QA-Training> .\git-installer.exe /VERYSILENT /NORESTART
PS C:\Users\Tirupathi.Godari\Tirupathi\QA-Training> git –-version
git : The term 'git' is not recognized as the name of a cmdlet, function, script file, or operable program. Check the 
spelling of the name, or if a path was included, verify that the path is correct and try again.
At line:1 char:1
+ git –-version
+ ~~~
    + CategoryInfo          : ObjectNotFound: (git:String) [], CommandNotFoundException
    + FullyQualifiedErrorId : CommandNotFoundException
git : The term 'git' is not recognized as the name of a cmdlet, function, script file, or operable program. Check the spelling of
the name, or if a path was included, verify that the path is correct and try again.
At line:1 char:1
+ git –-version
+ ~~~
    + CategoryInfo          : ObjectNotFound: (git:String) [], CommandNotFoundException
    + FullyQualifiedErrorId : CommandNotFoundException

PS C:\Users\Tirupathi.Godari\Tirupathi\QA-Training> .\git-installer.exe /VERYSILENT /NORESTART
PS C:\Users\Tirupathi.Godari\Tirupathi\QA-Training> Invoke-WebRequest -Uri https://github.com/git-for-windows/git/releases/download/v2.44.0.windows.1/Git-2.44.0-64-bit.exe -OutFile Invoke-WebRequest -Uri https://github.com/git-for-windows/git/releases/download/v2.44.0.windows.1/Git-2.44.0-64-bit.ex
>> TerminatingError(Invoke-WebRequest): "Cannot bind parameter because parameter 'Uri' is specified more than once. To provide multiple values to parameters that can accept multiple values, use the array syntax. For example, "-parameter value1,value2,value3"."
Invoke-WebRequest : Cannot bind parameter because parameter 'Uri' is specified more than once. To provide multiple 
values to parameters that can accept multiple values, use the array syntax. For example, "-parameter 
value1,value2,value3".
At line:1 char:148
+ ... ndows.1/Git-2.44.0-64-bit.exe -OutFile Invoke-WebRequest -Uri https:/ ...
+                                                              ~~~~
    + CategoryInfo          : InvalidArgument: (:) [Invoke-WebRequest], ParameterBindingException
    + FullyQualifiedErrorId : ParameterAlreadyBound,Microsoft.PowerShell.Commands.InvokeWebRequestCommand
Invoke-WebRequest : Cannot bind parameter because parameter 'Uri' is specified more than once. To provide multiple values to
parameters that can accept multiple values, use the array syntax. For example, "-parameter value1,value2,value3".
At line:1 char:148
+ ... ndows.1/Git-2.44.0-64-bit.exe -OutFile Invoke-WebRequest -Uri https:/ ...
+                                                              ~~~~
    + CategoryInfo          : InvalidArgument: (:) [Invoke-WebRequest], ParameterBindingException
    + FullyQualifiedErrorId : ParameterAlreadyBound,Microsoft.PowerShell.Commands.InvokeWebRequestCommand

PS C:\Users\Tirupathi.Godari\Tirupathi\QA-Training> Invoke-WebRequest -Uri https://github.com/git-for-windows/git/releases/download/v2.44.0.windows.1/Git-2.44.0-64-bit.exe


StatusCode        : 200
StatusDescription : OK
Content           : {77, 90, 80, 0...}
RawContent        : HTTP/1.1 200 OK
                    Connection: keep-alive
                    x-ms-request-id: 598001d8-701e-0020-4b5a-709af2000000
                    x-ms-version: 2024-11-04
                    x-ms-creation-time: Fri, 23 Feb 2024 20:56:47 GMT
                    x-ms-blob-content-md5: Yf2F...
Headers           : {[Connection, keep-alive], [x-ms-request-id, 598001d8-701e-0020-4b5a-709af2000000], [x-ms-version, 2024-11-04],
                    [x-ms-creation-time, Fri, 23 Feb 2024 20:56:47 GMT]...}
RawContentLength  : 65350776



PS C:\Users\Tirupathi.Godari\Tirupathi\QA-Training> .\git-installer.exe /VERYSILENT /NORESTART
PS C:\Users\Tirupathi.Godari\Tirupathi\QA-Training> git --version
git : The term 'git' is not recognized as the name of a cmdlet, function, script file, or operable program. Check the 
spelling of the name, or if a path was included, verify that the path is correct and try again.
At line:1 char:1
+ git --version
+ ~~~
    + CategoryInfo          : ObjectNotFound: (git:String) [], CommandNotFoundException
    + FullyQualifiedErrorId : CommandNotFoundException
git : The term 'git' is not recognized as the name of a cmdlet, function, script file, or operable program. Check the spelling of
the name, or if a path was included, verify that the path is correct and try again.
At line:1 char:1
+ git --version
+ ~~~
    + CategoryInfo          : ObjectNotFound: (git:String) [], CommandNotFoundException
    + FullyQualifiedErrorId : CommandNotFoundException

PS C:\Users\Tirupathi.Godari\Tirupathi\QA-Training> .\git-installer.exe
PS C:\Users\Tirupathi.Godari\Tirupathi\QA-Training> git --version
git : The term 'git' is not recognized as the name of a cmdlet, function, script file, or operable program. Check the 
spelling of the name, or if a path was included, verify that the path is correct and try again.
At line:1 char:1
+ git --version
+ ~~~
    + CategoryInfo          : ObjectNotFound: (git:String) [], CommandNotFoundException
    + FullyQualifiedErrorId : CommandNotFoundException
git : The term 'git' is not recognized as the name of a cmdlet, function, script file, or operable program. Check the spelling of
the name, or if a path was included, verify that the path is correct and try again.
At line:1 char:1
+ git --version
+ ~~~
    + CategoryInfo          : ObjectNotFound: (git:String) [], CommandNotFoundException
    + FullyQualifiedErrorId : CommandNotFoundException

PS C:\Users\Tirupathi.Godari\Tirupathi\QA-Training> git --version
git : The term 'git' is not recognized as the name of a cmdlet, function, script file, or operable program. Check the 
spelling of the name, or if a path was included, verify that the path is correct and try again.
At line:1 char:1
+ git --version
+ ~~~
    + CategoryInfo          : ObjectNotFound: (git:String) [], CommandNotFoundException
    + FullyQualifiedErrorId : CommandNotFoundException
git : The term 'git' is not recognized as the name of a cmdlet, function, script file, or operable program. Check the spelling of
the name, or if a path was included, verify that the path is correct and try again.
At line:1 char:1
+ git --version
+ ~~~
    + CategoryInfo          : ObjectNotFound: (git:String) [], CommandNotFoundException
    + FullyQualifiedErrorId : CommandNotFoundException

PS C:\Users\Tirupathi.Godari\Tirupathi\QA-Training> git –-version
git : The term 'git' is not recognized as the name of a cmdlet, function, script file, or operable program. Check the 
spelling of the name, or if a path was included, verify that the path is correct and try again.
At line:1 char:1
+ git –-version
+ ~~~
    + CategoryInfo          : ObjectNotFound: (git:String) [], CommandNotFoundException
    + FullyQualifiedErrorId : CommandNotFoundException
git : The term 'git' is not recognized as the name of a cmdlet, function, script file, or operable program. Check the spelling of
the name, or if a path was included, verify that the path is correct and try again.
At line:1 char:1
+ git –-version
+ ~~~
    + CategoryInfo          : ObjectNotFound: (git:String) [], CommandNotFoundException
    + FullyQualifiedErrorId : CommandNotFoundException

PS C:\Users\Tirupathi.Godari\Tirupathi\QA-Training> git –-version
git : The term 'git' is not recognized as the name of a cmdlet, function, script file, or operable program. Check the 
spelling of the name, or if a path was included, verify that the path is correct and try again.
At line:1 char:1
+ git –-version
+ ~~~
    + CategoryInfo          : ObjectNotFound: (git:String) [], CommandNotFoundException
    + FullyQualifiedErrorId : CommandNotFoundException
git : The term 'git' is not recognized as the name of a cmdlet, function, script file, or operable program. Check the spelling of
the name, or if a path was included, verify that the path is correct and try again.
At line:1 char:1
+ git –-version
+ ~~~
    + CategoryInfo          : ObjectNotFound: (git:String) [], CommandNotFoundException
    + FullyQualifiedErrorId : CommandNotFoundException

PS C:\Users\Tirupathi.Godari\Tirupathi\QA-Training> git –-version
git : The term 'git' is not recognized as the name of a cmdlet, function, script file, or operable program. Check the 
spelling of the name, or if a path was included, verify that the path is correct and try again.
At line:1 char:1
+ git –-version
+ ~~~
    + CategoryInfo          : ObjectNotFound: (git:String) [], CommandNotFoundException
    + FullyQualifiedErrorId : CommandNotFoundException
git : The term 'git' is not recognized as the name of a cmdlet, function, script file, or operable program. Check the spelling of
the name, or if a path was included, verify that the path is correct and try again.
At line:1 char:1
+ git –-version
+ ~~~
    + CategoryInfo          : ObjectNotFound: (git:String) [], CommandNotFoundException
    + FullyQualifiedErrorId : CommandNotFoundException

PS C:\Users\Tirupathi.Godari\Tirupathi\QA-Training> git clone https://github.com/sureshnanjan/coforge-playwright-0225.git
git : The term 'git' is not recognized as the name of a cmdlet, function, script file, or operable program. Check the 
spelling of the name, or if a path was included, verify that the path is correct and try again.
At line:1 char:1
+ git clone https://github.com/sureshnanjan/coforge-playwright-0225.git
+ ~~~
    + CategoryInfo          : ObjectNotFound: (git:String) [], CommandNotFoundException
    + FullyQualifiedErrorId : CommandNotFoundException
git : The term 'git' is not recognized as the name of a cmdlet, function, script file, or operable program. Check the spelling of
the name, or if a path was included, verify that the path is correct and try again.
At line:1 char:1
+ git clone https://github.com/sureshnanjan/coforge-playwright-0225.git
+ ~~~
    + CategoryInfo          : ObjectNotFound: (git:String) [], CommandNotFoundException
    + FullyQualifiedErrorId : CommandNotFoundException

PS C:\Users\Tirupathi.Godari\Tirupathi\QA-Training> git –-version
git : The term 'git' is not recognized as the name of a cmdlet, function, script file, or operable program. Check the 
spelling of the name, or if a path was included, verify that the path is correct and try again.
At line:1 char:1
+ git –-version
+ ~~~
    + CategoryInfo          : ObjectNotFound: (git:String) [], CommandNotFoundException
    + FullyQualifiedErrorId : CommandNotFoundException
git : The term 'git' is not recognized as the name of a cmdlet, function, script file, or operable program. Check the spelling of
the name, or if a path was included, verify that the path is correct and try again.
At line:1 char:1
+ git –-version
+ ~~~
    + CategoryInfo          : ObjectNotFound: (git:String) [], CommandNotFoundException
    + FullyQualifiedErrorId : CommandNotFoundException

PS C:\Users\Tirupathi.Godari\Tirupathi\QA-Training> stop-trans
stop-trans : The term 'stop-trans' is not recognized as the name of a cmdlet, function, script file, or operable 
program. Check the spelling of the name, or if a path was included, verify that the path is correct and try again.
At line:1 char:1
+ stop-trans
+ ~~~~~~~~~~
    + CategoryInfo          : ObjectNotFound: (stop-trans:String) [], CommandNotFoundException
    + FullyQualifiedErrorId : CommandNotFoundException
stop-trans : The term 'stop-trans' is not recognized as the name of a cmdlet, function, script file, or operable program. Check the
spelling of the name, or if a path was included, verify that the path is correct and try again.
At line:1 char:1
+ stop-trans
+ ~~~~~~~~~~
    + CategoryInfo          : ObjectNotFound: (stop-trans:String) [], CommandNotFoundException
    + FullyQualifiedErrorId : CommandNotFoundException

PS C:\Users\Tirupathi.Godari\Tirupathi\QA-Training> Stop-Transcript
**********************
Windows PowerShell transcript end
End time: 20250203115124
**********************
